// Jest Snapshot v1, https://goo.gl/fbAQLP

exports[`Card component renders correctly 1`] = `
<View
  accessible={true}
  collapsable={false}
  focusable={true}
  onClick={[Function]}
  onResponderGrant={[Function]}
  onResponderMove={[Function]}
  onResponderRelease={[Function]}
  onResponderTerminate={[Function]}
  onResponderTerminationRequest={[Function]}
  onStartShouldSetResponder={[Function]}
  style={
    {
      "alignItems": "center",
      "flex": 1,
      "height": 400,
      "justifyContent": "space-between",
      "opacity": 1,
      "textAlign": "center",
      "width": 300,
    }
  }
  testID="cardButton"
>
  <Text
    style={
      Array [
        Object {
          "color": "#000",
        },
        Array [
          Object {
            "fontSize": 20,
          },
          Object {
            "color": "black",
            "fontFamily": "starjedi",
            "textShadowColor": "gold",
            "textShadowRadius": 2,
          },
        ],
      ]
    }
  >
    <Image
      source={
        {
          "uri": "https://starwars-visualguide.com/assets/img/characters/1.jpg",
        }
      }
    >
      Mass: 
      77
       kg
    </Text>
    <Text
      style={
        [
          {
            "bottom": 0,
            "left": 0,
            "position": "absolute",
            "right": 0,
            "top": 0,
          },
          {
            "height": undefined,
            "width": undefined,
          },
        ]
      }
      testID="backgroundImage"
    />
    <View
      style={
        [
          {
            "backgroundColor": "rgba(255,255,255,0.3)",
          },
          {
            "alignItems": "center",
            "flex": 1,
            "height": 400,
            "justifyContent": "space-between",
            "paddingVertical": 20,
            "textAlign": "center",
            "textTransform": "capitalize",
          },
        ]
      }
    >
      <Text
        style={
          [
            {
              "color": "#000",
            },
            [
              {
                "fontSize": 20,
                "textTransform": "lowercase",
              },
              {
                "color": "black",
                "fontFamily": "starjedi",
                "textShadowColor": "gold",
                "textShadowRadius": 2,
              },
            ],
          ]
        }
      >
        Luke Skywalker
      </Text>
      <View
        style={
          [
            {
              "backgroundColor": "transparent",
            },
            undefined,
          ]
        }
      >
        <Text
          style={
            [
              {
                "color": "#000",
              },
              {
                "fontSize": 15,
                "marginBottom": 5,
                "textAlign": "center",
              },
            ]
          }
        >
          Physical Aspects:
        </Text>
        <Text
          style={
            [
              {
                "color": "#000",
              },
              {
                "textAlign": "center",
              },
            ]
          }
        >
          Height: 
          172
           cm
        </Text>
        <Text
          style={
            [
              {
                "color": "#000",
              },
              {
                "textAlign": "center",
              },
            ]
          }
        >
          Mass: 
          77
           kg
        </Text>
        <Text
          style={
            [
              {
                "color": "#000",
              },
              {
                "textAlign": "center",
                "textTransform": "capitalize",
              },
            ]
          }
        >
          Hair Color: 
          blond
        </Text>
        <Text
          style={
            [
              {
                "color": "#000",
              },
              {
                "textAlign": "center",
                "textTransform": "capitalize",
              },
            ]
          }
        >
          Skin Color: 
          fair
        </Text>
        <Text
          style={
            [
              {
                "color": "#000",
              },
              {
                "textAlign": "center",
                "textTransform": "capitalize",
              },
            ]
          }
        >
          Eye Color: 
          blue
        </Text>
      </View>
    </View>
  </View>
</View>
`;
