// Jest Snapshot v1, https://goo.gl/fbAQLP

exports[`StyledText component renders correctly 1`] = `
<Text
  style={
    [
      {
        "color": "#000",
      },
      [
        undefined,
        {
          "color": "black",
          "fontFamily": "starjedi",
          "textShadowColor": "gold",
          "textShadowRadius": 2,
        },
      ],
    ]
  }
>
  Star Wars
</Text>
`;
