// Jest Snapshot v1, https://goo.gl/fbAQLP

exports[`StyledText component renders correctly 1`] = `
<Text
  style={
    Array [
      Object {
        "color": "#000",
      },
      Array [
        undefined,
        Object {
          "color": "black",
          "fontFamily": "starjedi",
          "textShadowColor": "gold",
          "textShadowRadius": 2,
        },
      ],
    ]
  }
/>
`;
