// Jest Snapshot v1, https://goo.gl/fbAQLP

exports[`View component renders correctly 1`] = `
<View
  style={
    Array [
      Object {
        "backgroundColor": "#fff",
      },
      undefined,
    ]
  }
>
  <Text
    style={
      Array [
        Object {
          "color": "#000",
        },
        undefined,
      ]
    }
  >
    Star Wars
  </Text>
</View>
`;
